// Jest Snapshot v1, https://goo.gl/fbAQLP

exports[`Quote Quote Text match SnapShot 1`] = `
<h1>
  Math Magicians
</h1>
`;
